Archive member included because of file (symbol)

d:/embedded/01- imt sdk/imt_sdk_win_64/winavr/bin/../lib/gcc/avr/4.3.3/avr5\libgcc.a(_mulsi3.o)
                              ./Src/LCD_Program.o (__mulsi3)
d:/embedded/01- imt sdk/imt_sdk_win_64/winavr/bin/../lib/gcc/avr/4.3.3/avr5\libgcc.a(_udivmodsi4.o)
                              ./Src/LCD_Program.o (__udivmodsi4)
d:/embedded/01- imt sdk/imt_sdk_win_64/winavr/bin/../lib/gcc/avr/4.3.3/avr5\libgcc.a(_exit.o)
                              d:/embedded/01- imt sdk/imt_sdk_win_64/winavr/bin/../lib/gcc/avr/4.3.3/../../../../avr/lib/avr5/crtm32.o (exit)
d:/embedded/01- imt sdk/imt_sdk_win_64/winavr/bin/../lib/gcc/avr/4.3.3/avr5\libgcc.a(_copy_data.o)
                              ./Src/app.o (__do_copy_data)
d:/embedded/01- imt sdk/imt_sdk_win_64/winavr/bin/../lib/gcc/avr/4.3.3/avr5\libgcc.a(_clear_bss.o)
                              ./Src/TIMERS_Program.o (__do_clear_bss)
d:/embedded/01- imt sdk/imt_sdk_win_64/winavr/bin/../lib/gcc/avr/4.3.3/avr5\libgcc.a(_fixunssfsi.o)
                              ./Src/LCD_Program.o (__fixunssfsi)
d:/embedded/01- imt sdk/imt_sdk_win_64/winavr/bin/../lib/gcc/avr/4.3.3/avr5\libgcc.a(_addsub_sf.o)
                              d:/embedded/01- imt sdk/imt_sdk_win_64/winavr/bin/../lib/gcc/avr/4.3.3/avr5\libgcc.a(_fixunssfsi.o) (__subsf3)
d:/embedded/01- imt sdk/imt_sdk_win_64/winavr/bin/../lib/gcc/avr/4.3.3/avr5\libgcc.a(_mul_sf.o)
                              ./Src/LCD_Program.o (__mulsf3)
d:/embedded/01- imt sdk/imt_sdk_win_64/winavr/bin/../lib/gcc/avr/4.3.3/avr5\libgcc.a(_gt_sf.o)
                              ./Src/LCD_Program.o (__gtsf2)
d:/embedded/01- imt sdk/imt_sdk_win_64/winavr/bin/../lib/gcc/avr/4.3.3/avr5\libgcc.a(_ge_sf.o)
                              d:/embedded/01- imt sdk/imt_sdk_win_64/winavr/bin/../lib/gcc/avr/4.3.3/avr5\libgcc.a(_fixunssfsi.o) (__gesf2)
d:/embedded/01- imt sdk/imt_sdk_win_64/winavr/bin/../lib/gcc/avr/4.3.3/avr5\libgcc.a(_lt_sf.o)
                              ./Src/LCD_Program.o (__ltsf2)
d:/embedded/01- imt sdk/imt_sdk_win_64/winavr/bin/../lib/gcc/avr/4.3.3/avr5\libgcc.a(_sf_to_si.o)
                              d:/embedded/01- imt sdk/imt_sdk_win_64/winavr/bin/../lib/gcc/avr/4.3.3/avr5\libgcc.a(_fixunssfsi.o) (__fixsfsi)
d:/embedded/01- imt sdk/imt_sdk_win_64/winavr/bin/../lib/gcc/avr/4.3.3/avr5\libgcc.a(_thenan_sf.o)
                              d:/embedded/01- imt sdk/imt_sdk_win_64/winavr/bin/../lib/gcc/avr/4.3.3/avr5\libgcc.a(_addsub_sf.o) (__thenan_sf)
d:/embedded/01- imt sdk/imt_sdk_win_64/winavr/bin/../lib/gcc/avr/4.3.3/avr5\libgcc.a(_prologue.o)
                              d:/embedded/01- imt sdk/imt_sdk_win_64/winavr/bin/../lib/gcc/avr/4.3.3/avr5\libgcc.a(_addsub_sf.o) (__prologue_saves__)
d:/embedded/01- imt sdk/imt_sdk_win_64/winavr/bin/../lib/gcc/avr/4.3.3/avr5\libgcc.a(_epilogue.o)
                              d:/embedded/01- imt sdk/imt_sdk_win_64/winavr/bin/../lib/gcc/avr/4.3.3/avr5\libgcc.a(_addsub_sf.o) (__epilogue_restores__)
d:/embedded/01- imt sdk/imt_sdk_win_64/winavr/bin/../lib/gcc/avr/4.3.3/avr5\libgcc.a(_pack_sf.o)
                              d:/embedded/01- imt sdk/imt_sdk_win_64/winavr/bin/../lib/gcc/avr/4.3.3/avr5\libgcc.a(_addsub_sf.o) (__pack_f)
d:/embedded/01- imt sdk/imt_sdk_win_64/winavr/bin/../lib/gcc/avr/4.3.3/avr5\libgcc.a(_unpack_sf.o)
                              d:/embedded/01- imt sdk/imt_sdk_win_64/winavr/bin/../lib/gcc/avr/4.3.3/avr5\libgcc.a(_addsub_sf.o) (__unpack_f)
d:/embedded/01- imt sdk/imt_sdk_win_64/winavr/bin/../lib/gcc/avr/4.3.3/avr5\libgcc.a(_fpcmp_parts_sf.o)
                              d:/embedded/01- imt sdk/imt_sdk_win_64/winavr/bin/../lib/gcc/avr/4.3.3/avr5\libgcc.a(_gt_sf.o) (__fpcmp_parts_f)
d:/embedded/01- imt sdk/imt_sdk_win_64/winavr/bin/../lib/gcc/avr/4.3.3/../../../../avr/lib/avr5\libc.a(strcmp.o)
                              ./Src/app.o (strcmp)

Allocating common symbols
Common symbol       size              file

local_u8ReceivedData
                    0xa               ./Src/app.o

Memory Configuration

Name             Origin             Length             Attributes
text             0x00000000         0x00020000         xr
data             0x00800060         0x0000ffa0         rw !x
eeprom           0x00810000         0x00010000         rw !x
fuse             0x00820000         0x00000400         rw !x
lock             0x00830000         0x00000400         rw !x
signature        0x00840000         0x00000400         rw !x
*default*        0x00000000         0xffffffff

Linker script and memory map

LOAD d:/embedded/01- imt sdk/imt_sdk_win_64/winavr/bin/../lib/gcc/avr/4.3.3/../../../../avr/lib/avr5/crtm32.o
LOAD ./Src/BUZZER_Program.o
LOAD ./Src/DIO_Program.o
LOAD ./Src/LCD_Program.o
LOAD ./Src/LED_Program.o
LOAD ./Src/RELAY_Program.o
LOAD ./Src/TIMERS_Program.o
LOAD ./Src/UART_Prgoram.o
LOAD ./Src/app.o
LOAD ./Src/main.o
LOAD d:/embedded/01- imt sdk/imt_sdk_win_64/winavr/bin/../lib/gcc/avr/4.3.3/avr5\libgcc.a
LOAD d:/embedded/01- imt sdk/imt_sdk_win_64/winavr/bin/../lib/gcc/avr/4.3.3/../../../../avr/lib/avr5\libc.a
LOAD d:/embedded/01- imt sdk/imt_sdk_win_64/winavr/bin/../lib/gcc/avr/4.3.3/avr5\libgcc.a

.hash
 *(.hash)

.dynsym
 *(.dynsym)

.dynstr
 *(.dynstr)

.gnu.version
 *(.gnu.version)

.gnu.version_d
 *(.gnu.version_d)

.gnu.version_r
 *(.gnu.version_r)

.rel.init
 *(.rel.init)

.rela.init
 *(.rela.init)

.rel.text
 *(.rel.text)
 *(.rel.text.*)
 *(.rel.gnu.linkonce.t*)

.rela.text
 *(.rela.text)
 *(.rela.text.*)
 *(.rela.gnu.linkonce.t*)

.rel.fini
 *(.rel.fini)

.rela.fini
 *(.rela.fini)

.rel.rodata
 *(.rel.rodata)
 *(.rel.rodata.*)
 *(.rel.gnu.linkonce.r*)

.rela.rodata
 *(.rela.rodata)
 *(.rela.rodata.*)
 *(.rela.gnu.linkonce.r*)

.rel.data
 *(.rel.data)
 *(.rel.data.*)
 *(.rel.gnu.linkonce.d*)

.rela.data
 *(.rela.data)
 *(.rela.data.*)
 *(.rela.gnu.linkonce.d*)

.rel.ctors
 *(.rel.ctors)

.rela.ctors
 *(.rela.ctors)

.rel.dtors
 *(.rel.dtors)

.rela.dtors
 *(.rela.dtors)

.rel.got
 *(.rel.got)

.rela.got
 *(.rela.got)

.rel.bss
 *(.rel.bss)

.rela.bss
 *(.rela.bss)

.rel.plt
 *(.rel.plt)

.rela.plt
 *(.rela.plt)

.text           0x00000000     0x3116
 *(.vectors)
 .vectors       0x00000000       0x54 d:/embedded/01- imt sdk/imt_sdk_win_64/winavr/bin/../lib/gcc/avr/4.3.3/../../../../avr/lib/avr5/crtm32.o
                0x00000000                __vectors
                0x00000000                __vector_default
 *(.vectors)
 *(.progmem.gcc*)
 *(.progmem*)
                0x00000054                . = ALIGN (0x2)
                0x00000054                __trampolines_start = .
 *(.trampolines)
 .trampolines   0x00000054        0x0 linker stubs
 *(.trampolines*)
                0x00000054                __trampolines_end = .
 *(.jumptables)
 *(.jumptables*)
 *(.lowtext)
 *(.lowtext*)
                0x00000054                __ctors_start = .
 *(.ctors)
                0x00000054                __ctors_end = .
                0x00000054                __dtors_start = .
 *(.dtors)
                0x00000054                __dtors_end = .
 SORT(*)(.ctors)
 SORT(*)(.dtors)
 *(.init0)
 .init0         0x00000054        0x0 d:/embedded/01- imt sdk/imt_sdk_win_64/winavr/bin/../lib/gcc/avr/4.3.3/../../../../avr/lib/avr5/crtm32.o
                0x00000054                __init
 *(.init0)
 *(.init1)
 *(.init1)
 *(.init2)
 .init2         0x00000054        0xc d:/embedded/01- imt sdk/imt_sdk_win_64/winavr/bin/../lib/gcc/avr/4.3.3/../../../../avr/lib/avr5/crtm32.o
 *(.init2)
 *(.init3)
 *(.init3)
 *(.init4)
 .init4         0x00000060       0x16 d:/embedded/01- imt sdk/imt_sdk_win_64/winavr/bin/../lib/gcc/avr/4.3.3/avr5\libgcc.a(_copy_data.o)
                0x00000060                __do_copy_data
 .init4         0x00000076       0x10 d:/embedded/01- imt sdk/imt_sdk_win_64/winavr/bin/../lib/gcc/avr/4.3.3/avr5\libgcc.a(_clear_bss.o)
                0x00000076                __do_clear_bss
 *(.init4)
 *(.init5)
 *(.init5)
 *(.init6)
 *(.init6)
 *(.init7)
 *(.init7)
 *(.init8)
 *(.init8)
 *(.init9)
 .init9         0x00000086        0x8 d:/embedded/01- imt sdk/imt_sdk_win_64/winavr/bin/../lib/gcc/avr/4.3.3/../../../../avr/lib/avr5/crtm32.o
 *(.init9)
 *(.text)
 .text          0x0000008e        0x4 d:/embedded/01- imt sdk/imt_sdk_win_64/winavr/bin/../lib/gcc/avr/4.3.3/../../../../avr/lib/avr5/crtm32.o
                0x0000008e                __vector_1
                0x0000008e                __vector_12
                0x0000008e                __bad_interrupt
                0x0000008e                __vector_6
                0x0000008e                __vector_3
                0x0000008e                __vector_17
                0x0000008e                __vector_19
                0x0000008e                __vector_7
                0x0000008e                __vector_5
                0x0000008e                __vector_4
                0x0000008e                __vector_9
                0x0000008e                __vector_2
                0x0000008e                __vector_8
                0x0000008e                __vector_16
                0x0000008e                __vector_18
                0x0000008e                __vector_20
 .text          0x00000092        0x0 ./Src/BUZZER_Program.o
 .text          0x00000092        0x0 ./Src/DIO_Program.o
 .text          0x00000092        0x0 ./Src/LCD_Program.o
 .text          0x00000092        0x0 ./Src/LED_Program.o
 .text          0x00000092        0x0 ./Src/RELAY_Program.o
 .text          0x00000092        0x0 ./Src/TIMERS_Program.o
 .text          0x00000092        0x0 ./Src/UART_Prgoram.o
 .text          0x00000092        0x0 ./Src/app.o
 .text          0x00000092        0x0 ./Src/main.o
 .text          0x00000092        0x0 d:/embedded/01- imt sdk/imt_sdk_win_64/winavr/bin/../lib/gcc/avr/4.3.3/avr5\libgcc.a(_mulsi3.o)
 .text          0x00000092        0x0 d:/embedded/01- imt sdk/imt_sdk_win_64/winavr/bin/../lib/gcc/avr/4.3.3/avr5\libgcc.a(_udivmodsi4.o)
 .text          0x00000092        0x0 d:/embedded/01- imt sdk/imt_sdk_win_64/winavr/bin/../lib/gcc/avr/4.3.3/avr5\libgcc.a(_exit.o)
 .text          0x00000092        0x0 d:/embedded/01- imt sdk/imt_sdk_win_64/winavr/bin/../lib/gcc/avr/4.3.3/avr5\libgcc.a(_copy_data.o)
 .text          0x00000092        0x0 d:/embedded/01- imt sdk/imt_sdk_win_64/winavr/bin/../lib/gcc/avr/4.3.3/avr5\libgcc.a(_clear_bss.o)
 .text          0x00000092       0x58 d:/embedded/01- imt sdk/imt_sdk_win_64/winavr/bin/../lib/gcc/avr/4.3.3/avr5\libgcc.a(_fixunssfsi.o)
                0x00000092                __fixunssfsi
 .text          0x000000ea      0x354 d:/embedded/01- imt sdk/imt_sdk_win_64/winavr/bin/../lib/gcc/avr/4.3.3/avr5\libgcc.a(_addsub_sf.o)
                0x00000382                __subsf3
                0x000003e4                __addsf3
 .text          0x0000043e      0x1f4 d:/embedded/01- imt sdk/imt_sdk_win_64/winavr/bin/../lib/gcc/avr/4.3.3/avr5\libgcc.a(_mul_sf.o)
                0x0000043e                __mulsf3
 .text          0x00000632       0x60 d:/embedded/01- imt sdk/imt_sdk_win_64/winavr/bin/../lib/gcc/avr/4.3.3/avr5\libgcc.a(_gt_sf.o)
                0x00000632                __gtsf2
 .text          0x00000692       0x60 d:/embedded/01- imt sdk/imt_sdk_win_64/winavr/bin/../lib/gcc/avr/4.3.3/avr5\libgcc.a(_ge_sf.o)
                0x00000692                __gesf2
 .text          0x000006f2       0x60 d:/embedded/01- imt sdk/imt_sdk_win_64/winavr/bin/../lib/gcc/avr/4.3.3/avr5\libgcc.a(_lt_sf.o)
                0x000006f2                __ltsf2
 .text          0x00000752       0xa8 d:/embedded/01- imt sdk/imt_sdk_win_64/winavr/bin/../lib/gcc/avr/4.3.3/avr5\libgcc.a(_sf_to_si.o)
                0x00000752                __fixsfsi
 .text          0x000007fa        0x0 d:/embedded/01- imt sdk/imt_sdk_win_64/winavr/bin/../lib/gcc/avr/4.3.3/avr5\libgcc.a(_thenan_sf.o)
 .text          0x000007fa        0x0 d:/embedded/01- imt sdk/imt_sdk_win_64/winavr/bin/../lib/gcc/avr/4.3.3/avr5\libgcc.a(_prologue.o)
 .text          0x000007fa        0x0 d:/embedded/01- imt sdk/imt_sdk_win_64/winavr/bin/../lib/gcc/avr/4.3.3/avr5\libgcc.a(_epilogue.o)
 .text          0x000007fa      0x1aa d:/embedded/01- imt sdk/imt_sdk_win_64/winavr/bin/../lib/gcc/avr/4.3.3/avr5\libgcc.a(_pack_sf.o)
                0x000007fa                __pack_f
 .text          0x000009a4       0xf0 d:/embedded/01- imt sdk/imt_sdk_win_64/winavr/bin/../lib/gcc/avr/4.3.3/avr5\libgcc.a(_unpack_sf.o)
                0x000009a4                __unpack_f
 .text          0x00000a94       0xb2 d:/embedded/01- imt sdk/imt_sdk_win_64/winavr/bin/../lib/gcc/avr/4.3.3/avr5\libgcc.a(_fpcmp_parts_sf.o)
                0x00000a94                __fpcmp_parts_f
 .text          0x00000b46        0x0 d:/embedded/01- imt sdk/imt_sdk_win_64/winavr/bin/../lib/gcc/avr/4.3.3/../../../../avr/lib/avr5\libc.a(strcmp.o)
                0x00000b46                . = ALIGN (0x2)
 *(.text.*)
 .text.HBUZZER_TurnOn
                0x00000b46       0x22 ./Src/BUZZER_Program.o
                0x00000b46                HBUZZER_TurnOn
 .text.HBUZZER_TurnOff
                0x00000b68       0x22 ./Src/BUZZER_Program.o
                0x00000b68                HBUZZER_TurnOff
 .text.MDIO_voidSetPinDirection
                0x00000b8a      0x246 ./Src/DIO_Program.o
                0x00000b8a                MDIO_voidSetPinDirection
 .text.MDIO_voidSetPinValue
                0x00000dd0      0x246 ./Src/DIO_Program.o
                0x00000dd0                MDIO_voidSetPinValue
 .text.MDIO_GetPinValue
                0x00001016      0x102 ./Src/DIO_Program.o
                0x00001016                MDIO_GetPinValue
 .text.MDIO_voidTogglePinValue
                0x00001118      0x10a ./Src/DIO_Program.o
                0x00001118                MDIO_voidTogglePinValue
 .text.MDIO_voidSetPortDirection
                0x00001222       0x88 ./Src/DIO_Program.o
                0x00001222                MDIO_voidSetPortDirection
 .text.MDIO_voidSetPortValue
                0x000012aa       0x88 ./Src/DIO_Program.o
                0x000012aa                MDIO_voidSetPortValue
 .text.MDIO_voidInit
                0x00001332       0x46 ./Src/DIO_Program.o
                0x00001332                MDIO_voidInit
 .text.HLCD_voidSendCommand
                0x00001378      0x13c ./Src/LCD_Program.o
                0x00001378                HLCD_voidSendCommand
 .text.HLCD_voidSendData
                0x000014b4      0x13c ./Src/LCD_Program.o
                0x000014b4                HLCD_voidSendData
 .text.HLCD_voidInit
                0x000015f0      0x4e4 ./Src/LCD_Program.o
                0x000015f0                HLCD_voidInit
 .text.HLCD_voidClearDisplay
                0x00001ad4      0x110 ./Src/LCD_Program.o
                0x00001ad4                HLCD_voidClearDisplay
 .text.HLCD_voidDisplayString
                0x00001be4       0x3a ./Src/LCD_Program.o
                0x00001be4                HLCD_voidDisplayString
 .text.HLCD_voidGoToPos
                0x00001c1e       0x50 ./Src/LCD_Program.o
                0x00001c1e                HLCD_voidGoToPos
 .text.HLCD_voidDisplayNumber
                0x00001c6e      0x13c ./Src/LCD_Program.o
                0x00001c6e                HLCD_voidDisplayNumber
 .text.HLCD_voidSendSpecialSymbol
                0x00001daa       0x84 ./Src/LCD_Program.o
                0x00001daa                HLCD_voidSendSpecialSymbol
 .text.HLED_voidTurnOn
                0x00001e2e       0x22 ./Src/LED_Program.o
                0x00001e2e                HLED_voidTurnOn
 .text.HLED_voidTurnOff
                0x00001e50       0x22 ./Src/LED_Program.o
                0x00001e50                HLED_voidTurnOff
 .text.HLED_voidToggleLED
                0x00001e72       0x2c ./Src/LED_Program.o
                0x00001e72                HLED_voidToggleLED
 .text.HRELAY_voidTurnOn
                0x00001e9e       0x22 ./Src/RELAY_Program.o
                0x00001e9e                HRELAY_voidTurnOn
 .text.HRELAY_voidTurnOff
                0x00001ec0       0x22 ./Src/RELAY_Program.o
                0x00001ec0                HRELAY_voidTurnOff
 .text.MTIMER0_voidInit
                0x00001ee2       0x68 ./Src/TIMERS_Program.o
                0x00001ee2                MTIMER0_voidInit
 .text.MTIMER0_voidSetPreloadValue
                0x00001f4a       0x1c ./Src/TIMERS_Program.o
                0x00001f4a                MTIMER0_voidSetPreloadValue
 .text.MTIMER0_voidStopTimer
                0x00001f66       0x1c ./Src/TIMERS_Program.o
                0x00001f66                MTIMER0_voidStopTimer
 .text.MTIMER0_voidSetOCR0Value
                0x00001f82       0x1c ./Src/TIMERS_Program.o
                0x00001f82                MTIMER0_voidSetOCR0Value
 .text.MTIMER0_voidSetOVFCallback
                0x00001f9e       0x2c ./Src/TIMERS_Program.o
                0x00001f9e                MTIMER0_voidSetOVFCallback
 .text.MTIMER0_voidSetCTCCallback
                0x00001fca       0x2c ./Src/TIMERS_Program.o
                0x00001fca                MTIMER0_voidSetCTCCallback
 .text.__vector_10
                0x00001ff6       0x66 ./Src/TIMERS_Program.o
                0x00001ff6                __vector_10
 .text.__vector_11
                0x0000205c       0x66 ./Src/TIMERS_Program.o
                0x0000205c                __vector_11
 .text.MUART_voidInit
                0x000020c2       0x64 ./Src/UART_Prgoram.o
                0x000020c2                MUART_voidInit
 .text.MUART_voidSendByteSyncBlocking
                0x00002126       0x5a ./Src/UART_Prgoram.o
                0x00002126                MUART_voidSendByteSyncBlocking
 .text.MUART_voidSendByteSyncNonBlocking
                0x00002180       0xee ./Src/UART_Prgoram.o
                0x00002180                MUART_voidSendByteSyncNonBlocking
 .text.MUART_voidSendStringSyncNonBlocking
                0x0000226e       0x3a ./Src/UART_Prgoram.o
                0x0000226e                MUART_voidSendStringSyncNonBlocking
 .text.MUART_voidSendByteAsync
                0x000022a8       0x34 ./Src/UART_Prgoram.o
                0x000022a8                MUART_voidSendByteAsync
 .text.MUART_u8ReadByteSyncBlocking
                0x000022dc       0x1e ./Src/UART_Prgoram.o
                0x000022dc                MUART_u8ReadByteSyncBlocking
 .text.MUART_voidReadStringSyncBlocking
                0x000022fa       0x86 ./Src/UART_Prgoram.o
                0x000022fa                MUART_voidReadStringSyncBlocking
 .text.MUART_u8ReadByteAsync
                0x00002380       0x14 ./Src/UART_Prgoram.o
                0x00002380                MUART_u8ReadByteAsync
 .text.MUART_u8ReadByteSyncNonBlocking
                0x00002394       0x58 ./Src/UART_Prgoram.o
                0x00002394                MUART_u8ReadByteSyncNonBlocking
 .text.MUART_voidSetCallBack
                0x000023ec       0x44 ./Src/UART_Prgoram.o
                0x000023ec                MUART_voidSetCallBack
 .text.__vector_13
                0x00002430       0x66 ./Src/UART_Prgoram.o
                0x00002430                __vector_13
 .text.__vector_14
                0x00002496       0x66 ./Src/UART_Prgoram.o
                0x00002496                __vector_14
 .text.__vector_15
                0x000024fc       0x66 ./Src/UART_Prgoram.o
                0x000024fc                __vector_15
 .text.home     0x00002562      0x3d0 ./Src/app.o
                0x00002562                home
 .text.control  0x00002932      0x1ac ./Src/app.o
                0x00002932                control
 .text.LED      0x00002ade      0x198 ./Src/app.o
                0x00002ade                LED
 .text.FAN      0x00002c76      0x1d0 ./Src/app.o
                0x00002c76                FAN
 .text.DOOR     0x00002e46      0x1a0 ./Src/app.o
                0x00002e46                DOOR
 .text.main     0x00002fe6       0x2a ./Src/main.o
                0x00002fe6                main
 .text.libgcc   0x00003010       0x3e d:/embedded/01- imt sdk/imt_sdk_win_64/winavr/bin/../lib/gcc/avr/4.3.3/avr5\libgcc.a(_mulsi3.o)
                0x00003010                __mulsi3
 .text.libgcc   0x0000304e       0x44 d:/embedded/01- imt sdk/imt_sdk_win_64/winavr/bin/../lib/gcc/avr/4.3.3/avr5\libgcc.a(_udivmodsi4.o)
                0x0000304e                __udivmodsi4
 .text.libgcc   0x00003092        0x0 d:/embedded/01- imt sdk/imt_sdk_win_64/winavr/bin/../lib/gcc/avr/4.3.3/avr5\libgcc.a(_exit.o)
 .text.libgcc   0x00003092        0x0 d:/embedded/01- imt sdk/imt_sdk_win_64/winavr/bin/../lib/gcc/avr/4.3.3/avr5\libgcc.a(_copy_data.o)
 .text.libgcc   0x00003092        0x0 d:/embedded/01- imt sdk/imt_sdk_win_64/winavr/bin/../lib/gcc/avr/4.3.3/avr5\libgcc.a(_clear_bss.o)
 .text.libgcc   0x00003092       0x38 d:/embedded/01- imt sdk/imt_sdk_win_64/winavr/bin/../lib/gcc/avr/4.3.3/avr5\libgcc.a(_prologue.o)
                0x00003092                __prologue_saves__
 .text.libgcc   0x000030ca       0x36 d:/embedded/01- imt sdk/imt_sdk_win_64/winavr/bin/../lib/gcc/avr/4.3.3/avr5\libgcc.a(_epilogue.o)
                0x000030ca                __epilogue_restores__
 .text.avr-libc
                0x00003100       0x12 d:/embedded/01- imt sdk/imt_sdk_win_64/winavr/bin/../lib/gcc/avr/4.3.3/../../../../avr/lib/avr5\libc.a(strcmp.o)
                0x00003100                strcmp
                0x00003112                . = ALIGN (0x2)
 *(.fini9)
 .fini9         0x00003112        0x0 d:/embedded/01- imt sdk/imt_sdk_win_64/winavr/bin/../lib/gcc/avr/4.3.3/avr5\libgcc.a(_exit.o)
                0x00003112                exit
                0x00003112                _exit
 *(.fini9)
 *(.fini8)
 *(.fini8)
 *(.fini7)
 *(.fini7)
 *(.fini6)
 *(.fini6)
 *(.fini5)
 *(.fini5)
 *(.fini4)
 *(.fini4)
 *(.fini3)
 *(.fini3)
 *(.fini2)
 *(.fini2)
 *(.fini1)
 *(.fini1)
 *(.fini0)
 .fini0         0x00003112        0x4 d:/embedded/01- imt sdk/imt_sdk_win_64/winavr/bin/../lib/gcc/avr/4.3.3/avr5\libgcc.a(_exit.o)
 *(.fini0)
                0x00003116                _etext = .

.data           0x00800060      0x3e0 load address 0x00003116
                0x00800060                PROVIDE (__data_start, .)
 *(.data)
 .data          0x00800060        0x0 d:/embedded/01- imt sdk/imt_sdk_win_64/winavr/bin/../lib/gcc/avr/4.3.3/../../../../avr/lib/avr5/crtm32.o
 .data          0x00800060        0x0 ./Src/BUZZER_Program.o
 .data          0x00800060        0x0 ./Src/DIO_Program.o
 .data          0x00800060        0x0 ./Src/LCD_Program.o
 .data          0x00800060        0x0 ./Src/LED_Program.o
 .data          0x00800060        0x0 ./Src/RELAY_Program.o
 .data          0x00800060        0x0 ./Src/TIMERS_Program.o
 .data          0x00800060        0x0 ./Src/UART_Prgoram.o
 .data          0x00800060      0x30f ./Src/app.o
 .data          0x0080036f        0x0 ./Src/main.o
 .data          0x0080036f        0x0 d:/embedded/01- imt sdk/imt_sdk_win_64/winavr/bin/../lib/gcc/avr/4.3.3/avr5\libgcc.a(_mulsi3.o)
 .data          0x0080036f        0x0 d:/embedded/01- imt sdk/imt_sdk_win_64/winavr/bin/../lib/gcc/avr/4.3.3/avr5\libgcc.a(_udivmodsi4.o)
 .data          0x0080036f        0x0 d:/embedded/01- imt sdk/imt_sdk_win_64/winavr/bin/../lib/gcc/avr/4.3.3/avr5\libgcc.a(_exit.o)
 .data          0x0080036f        0x0 d:/embedded/01- imt sdk/imt_sdk_win_64/winavr/bin/../lib/gcc/avr/4.3.3/avr5\libgcc.a(_copy_data.o)
 .data          0x0080036f        0x0 d:/embedded/01- imt sdk/imt_sdk_win_64/winavr/bin/../lib/gcc/avr/4.3.3/avr5\libgcc.a(_clear_bss.o)
 .data          0x0080036f        0x0 d:/embedded/01- imt sdk/imt_sdk_win_64/winavr/bin/../lib/gcc/avr/4.3.3/avr5\libgcc.a(_fixunssfsi.o)
 .data          0x0080036f        0x0 d:/embedded/01- imt sdk/imt_sdk_win_64/winavr/bin/../lib/gcc/avr/4.3.3/avr5\libgcc.a(_addsub_sf.o)
 .data          0x0080036f        0x0 d:/embedded/01- imt sdk/imt_sdk_win_64/winavr/bin/../lib/gcc/avr/4.3.3/avr5\libgcc.a(_mul_sf.o)
 .data          0x0080036f        0x0 d:/embedded/01- imt sdk/imt_sdk_win_64/winavr/bin/../lib/gcc/avr/4.3.3/avr5\libgcc.a(_gt_sf.o)
 .data          0x0080036f        0x0 d:/embedded/01- imt sdk/imt_sdk_win_64/winavr/bin/../lib/gcc/avr/4.3.3/avr5\libgcc.a(_ge_sf.o)
 .data          0x0080036f        0x0 d:/embedded/01- imt sdk/imt_sdk_win_64/winavr/bin/../lib/gcc/avr/4.3.3/avr5\libgcc.a(_lt_sf.o)
 .data          0x0080036f        0x0 d:/embedded/01- imt sdk/imt_sdk_win_64/winavr/bin/../lib/gcc/avr/4.3.3/avr5\libgcc.a(_sf_to_si.o)
 .data          0x0080036f        0x8 d:/embedded/01- imt sdk/imt_sdk_win_64/winavr/bin/../lib/gcc/avr/4.3.3/avr5\libgcc.a(_thenan_sf.o)
                0x0080036f                __thenan_sf
 .data          0x00800377        0x0 d:/embedded/01- imt sdk/imt_sdk_win_64/winavr/bin/../lib/gcc/avr/4.3.3/avr5\libgcc.a(_prologue.o)
 .data          0x00800377        0x0 d:/embedded/01- imt sdk/imt_sdk_win_64/winavr/bin/../lib/gcc/avr/4.3.3/avr5\libgcc.a(_epilogue.o)
 .data          0x00800377        0x0 d:/embedded/01- imt sdk/imt_sdk_win_64/winavr/bin/../lib/gcc/avr/4.3.3/avr5\libgcc.a(_pack_sf.o)
 .data          0x00800377        0x0 d:/embedded/01- imt sdk/imt_sdk_win_64/winavr/bin/../lib/gcc/avr/4.3.3/avr5\libgcc.a(_unpack_sf.o)
 .data          0x00800377        0x0 d:/embedded/01- imt sdk/imt_sdk_win_64/winavr/bin/../lib/gcc/avr/4.3.3/avr5\libgcc.a(_fpcmp_parts_sf.o)
 .data          0x00800377        0x0 d:/embedded/01- imt sdk/imt_sdk_win_64/winavr/bin/../lib/gcc/avr/4.3.3/../../../../avr/lib/avr5\libc.a(strcmp.o)
 *(.data*)
 .data.username
                0x00800377       0x64 ./Src/app.o
                0x00800377                username
 .data.password
                0x008003db       0x64 ./Src/app.o
                0x008003db                password
 *(.rodata)
 *(.rodata*)
 *(.gnu.linkonce.d*)
                0x00800440                . = ALIGN (0x2)
 *fill*         0x0080043f        0x1 00
                0x00800440                _edata = .
                0x00800440                PROVIDE (__data_end, .)

.bss            0x00800440       0x14
                0x00800440                PROVIDE (__bss_start, .)
 *(.bss)
 .bss           0x00800440        0x0 d:/embedded/01- imt sdk/imt_sdk_win_64/winavr/bin/../lib/gcc/avr/4.3.3/../../../../avr/lib/avr5/crtm32.o
 .bss           0x00800440        0x0 ./Src/BUZZER_Program.o
 .bss           0x00800440        0x0 ./Src/DIO_Program.o
 .bss           0x00800440        0x0 ./Src/LCD_Program.o
 .bss           0x00800440        0x0 ./Src/LED_Program.o
 .bss           0x00800440        0x0 ./Src/RELAY_Program.o
 .bss           0x00800440        0x0 ./Src/TIMERS_Program.o
 .bss           0x00800440        0x0 ./Src/UART_Prgoram.o
 .bss           0x00800440        0x0 ./Src/app.o
 .bss           0x00800440        0x0 ./Src/main.o
 .bss           0x00800440        0x0 d:/embedded/01- imt sdk/imt_sdk_win_64/winavr/bin/../lib/gcc/avr/4.3.3/avr5\libgcc.a(_mulsi3.o)
 .bss           0x00800440        0x0 d:/embedded/01- imt sdk/imt_sdk_win_64/winavr/bin/../lib/gcc/avr/4.3.3/avr5\libgcc.a(_udivmodsi4.o)
 .bss           0x00800440        0x0 d:/embedded/01- imt sdk/imt_sdk_win_64/winavr/bin/../lib/gcc/avr/4.3.3/avr5\libgcc.a(_exit.o)
 .bss           0x00800440        0x0 d:/embedded/01- imt sdk/imt_sdk_win_64/winavr/bin/../lib/gcc/avr/4.3.3/avr5\libgcc.a(_copy_data.o)
 .bss           0x00800440        0x0 d:/embedded/01- imt sdk/imt_sdk_win_64/winavr/bin/../lib/gcc/avr/4.3.3/avr5\libgcc.a(_clear_bss.o)
 .bss           0x00800440        0x0 d:/embedded/01- imt sdk/imt_sdk_win_64/winavr/bin/../lib/gcc/avr/4.3.3/avr5\libgcc.a(_fixunssfsi.o)
 .bss           0x00800440        0x0 d:/embedded/01- imt sdk/imt_sdk_win_64/winavr/bin/../lib/gcc/avr/4.3.3/avr5\libgcc.a(_addsub_sf.o)
 .bss           0x00800440        0x0 d:/embedded/01- imt sdk/imt_sdk_win_64/winavr/bin/../lib/gcc/avr/4.3.3/avr5\libgcc.a(_mul_sf.o)
 .bss           0x00800440        0x0 d:/embedded/01- imt sdk/imt_sdk_win_64/winavr/bin/../lib/gcc/avr/4.3.3/avr5\libgcc.a(_gt_sf.o)
 .bss           0x00800440        0x0 d:/embedded/01- imt sdk/imt_sdk_win_64/winavr/bin/../lib/gcc/avr/4.3.3/avr5\libgcc.a(_ge_sf.o)
 .bss           0x00800440        0x0 d:/embedded/01- imt sdk/imt_sdk_win_64/winavr/bin/../lib/gcc/avr/4.3.3/avr5\libgcc.a(_lt_sf.o)
 .bss           0x00800440        0x0 d:/embedded/01- imt sdk/imt_sdk_win_64/winavr/bin/../lib/gcc/avr/4.3.3/avr5\libgcc.a(_sf_to_si.o)
 .bss           0x00800440        0x0 d:/embedded/01- imt sdk/imt_sdk_win_64/winavr/bin/../lib/gcc/avr/4.3.3/avr5\libgcc.a(_thenan_sf.o)
 .bss           0x00800440        0x0 d:/embedded/01- imt sdk/imt_sdk_win_64/winavr/bin/../lib/gcc/avr/4.3.3/avr5\libgcc.a(_prologue.o)
 .bss           0x00800440        0x0 d:/embedded/01- imt sdk/imt_sdk_win_64/winavr/bin/../lib/gcc/avr/4.3.3/avr5\libgcc.a(_epilogue.o)
 .bss           0x00800440        0x0 d:/embedded/01- imt sdk/imt_sdk_win_64/winavr/bin/../lib/gcc/avr/4.3.3/avr5\libgcc.a(_pack_sf.o)
 .bss           0x00800440        0x0 d:/embedded/01- imt sdk/imt_sdk_win_64/winavr/bin/../lib/gcc/avr/4.3.3/avr5\libgcc.a(_unpack_sf.o)
 .bss           0x00800440        0x0 d:/embedded/01- imt sdk/imt_sdk_win_64/winavr/bin/../lib/gcc/avr/4.3.3/avr5\libgcc.a(_fpcmp_parts_sf.o)
 .bss           0x00800440        0x0 d:/embedded/01- imt sdk/imt_sdk_win_64/winavr/bin/../lib/gcc/avr/4.3.3/../../../../avr/lib/avr5\libc.a(strcmp.o)
 *(.bss*)
 .bss.TIMER0_OVF_CALLBACK
                0x00800440        0x2 ./Src/TIMERS_Program.o
                0x00800440                TIMER0_OVF_CALLBACK
 .bss.TIMER0_CTC_CALLBACK
                0x00800442        0x2 ./Src/TIMERS_Program.o
                0x00800442                TIMER0_CTC_CALLBACK
 .bss.FuncPtr   0x00800444        0x6 ./Src/UART_Prgoram.o
 *(COMMON)
 COMMON         0x0080044a        0xa ./Src/app.o
                0x0080044a                local_u8ReceivedData
                0x00800454                PROVIDE (__bss_end, .)
                0x00003116                __data_load_start = LOADADDR (.data)
                0x000034f6                __data_load_end = (__data_load_start + SIZEOF (.data))

.noinit         0x00800454        0x0
                0x00800454                PROVIDE (__noinit_start, .)
 *(.noinit*)
                0x00800454                PROVIDE (__noinit_end, .)
                0x00800454                _end = .
                0x00800454                PROVIDE (__heap_start, .)

.eeprom         0x00810000        0x0
 *(.eeprom*)
                0x00810000                __eeprom_end = .

.fuse
 *(.fuse)
 *(.lfuse)
 *(.hfuse)
 *(.efuse)

.lock
 *(.lock*)

.signature
 *(.signature*)

.stab           0x00000000     0x315c
 *(.stab)
 .stab          0x00000000      0x420 ./Src/BUZZER_Program.o
 .stab          0x00000420      0x5b8 ./Src/DIO_Program.o
                                0x834 (size before relaxing)
 .stab          0x000009d8      0xae0 ./Src/LCD_Program.o
                                0xd5c (size before relaxing)
 .stab          0x000014b8      0x1ec ./Src/LED_Program.o
                                0x468 (size before relaxing)
 .stab          0x000016a4      0x1a4 ./Src/RELAY_Program.o
                                0x420 (size before relaxing)
 .stab          0x00001848      0x39c ./Src/TIMERS_Program.o
                                0x3a8 (size before relaxing)
 .stab          0x00001be4      0x66c ./Src/UART_Prgoram.o
                                0x87c (size before relaxing)
 .stab          0x00002250      0xd38 ./Src/app.o
                               0x1008 (size before relaxing)
 .stab          0x00002f88      0x1d4 ./Src/main.o
                                0x4ec (size before relaxing)

.stabstr        0x00000000     0x168e
 *(.stabstr)
 .stabstr       0x00000000     0x168e ./Src/BUZZER_Program.o

.stab.excl
 *(.stab.excl)

.stab.exclstr
 *(.stab.exclstr)

.stab.index
 *(.stab.index)

.stab.indexstr
 *(.stab.indexstr)

.comment
 *(.comment)

.debug
 *(.debug)

.line
 *(.line)

.debug_srcinfo
 *(.debug_srcinfo)

.debug_sfnames
 *(.debug_sfnames)

.debug_aranges  0x00000000      0x140
 *(.debug_aranges)
 .debug_aranges
                0x00000000       0x20 d:/embedded/01- imt sdk/imt_sdk_win_64/winavr/bin/../lib/gcc/avr/4.3.3/avr5\libgcc.a(_fixunssfsi.o)
 .debug_aranges
                0x00000020       0x20 d:/embedded/01- imt sdk/imt_sdk_win_64/winavr/bin/../lib/gcc/avr/4.3.3/avr5\libgcc.a(_addsub_sf.o)
 .debug_aranges
                0x00000040       0x20 d:/embedded/01- imt sdk/imt_sdk_win_64/winavr/bin/../lib/gcc/avr/4.3.3/avr5\libgcc.a(_mul_sf.o)
 .debug_aranges
                0x00000060       0x20 d:/embedded/01- imt sdk/imt_sdk_win_64/winavr/bin/../lib/gcc/avr/4.3.3/avr5\libgcc.a(_gt_sf.o)
 .debug_aranges
                0x00000080       0x20 d:/embedded/01- imt sdk/imt_sdk_win_64/winavr/bin/../lib/gcc/avr/4.3.3/avr5\libgcc.a(_ge_sf.o)
 .debug_aranges
                0x000000a0       0x20 d:/embedded/01- imt sdk/imt_sdk_win_64/winavr/bin/../lib/gcc/avr/4.3.3/avr5\libgcc.a(_lt_sf.o)
 .debug_aranges
                0x000000c0       0x20 d:/embedded/01- imt sdk/imt_sdk_win_64/winavr/bin/../lib/gcc/avr/4.3.3/avr5\libgcc.a(_sf_to_si.o)
 .debug_aranges
                0x000000e0       0x20 d:/embedded/01- imt sdk/imt_sdk_win_64/winavr/bin/../lib/gcc/avr/4.3.3/avr5\libgcc.a(_pack_sf.o)
 .debug_aranges
                0x00000100       0x20 d:/embedded/01- imt sdk/imt_sdk_win_64/winavr/bin/../lib/gcc/avr/4.3.3/avr5\libgcc.a(_unpack_sf.o)
 .debug_aranges
                0x00000120       0x20 d:/embedded/01- imt sdk/imt_sdk_win_64/winavr/bin/../lib/gcc/avr/4.3.3/avr5\libgcc.a(_fpcmp_parts_sf.o)

.debug_pubnames
                0x00000000      0x170
 *(.debug_pubnames)
 .debug_pubnames
                0x00000000       0x23 d:/embedded/01- imt sdk/imt_sdk_win_64/winavr/bin/../lib/gcc/avr/4.3.3/avr5\libgcc.a(_fixunssfsi.o)
 .debug_pubnames
                0x00000023       0x2c d:/embedded/01- imt sdk/imt_sdk_win_64/winavr/bin/../lib/gcc/avr/4.3.3/avr5\libgcc.a(_addsub_sf.o)
 .debug_pubnames
                0x0000004f       0x1f d:/embedded/01- imt sdk/imt_sdk_win_64/winavr/bin/../lib/gcc/avr/4.3.3/avr5\libgcc.a(_mul_sf.o)
 .debug_pubnames
                0x0000006e       0x1e d:/embedded/01- imt sdk/imt_sdk_win_64/winavr/bin/../lib/gcc/avr/4.3.3/avr5\libgcc.a(_gt_sf.o)
 .debug_pubnames
                0x0000008c       0x1e d:/embedded/01- imt sdk/imt_sdk_win_64/winavr/bin/../lib/gcc/avr/4.3.3/avr5\libgcc.a(_ge_sf.o)
 .debug_pubnames
                0x000000aa       0x1e d:/embedded/01- imt sdk/imt_sdk_win_64/winavr/bin/../lib/gcc/avr/4.3.3/avr5\libgcc.a(_lt_sf.o)
 .debug_pubnames
                0x000000c8       0x20 d:/embedded/01- imt sdk/imt_sdk_win_64/winavr/bin/../lib/gcc/avr/4.3.3/avr5\libgcc.a(_sf_to_si.o)
 .debug_pubnames
                0x000000e8       0x22 d:/embedded/01- imt sdk/imt_sdk_win_64/winavr/bin/../lib/gcc/avr/4.3.3/avr5\libgcc.a(_thenan_sf.o)
 .debug_pubnames
                0x0000010a       0x1f d:/embedded/01- imt sdk/imt_sdk_win_64/winavr/bin/../lib/gcc/avr/4.3.3/avr5\libgcc.a(_pack_sf.o)
 .debug_pubnames
                0x00000129       0x21 d:/embedded/01- imt sdk/imt_sdk_win_64/winavr/bin/../lib/gcc/avr/4.3.3/avr5\libgcc.a(_unpack_sf.o)
 .debug_pubnames
                0x0000014a       0x26 d:/embedded/01- imt sdk/imt_sdk_win_64/winavr/bin/../lib/gcc/avr/4.3.3/avr5\libgcc.a(_fpcmp_parts_sf.o)

.debug_info     0x00000000     0x1c49
 *(.debug_info)
 .debug_info    0x00000000       0xb1 d:/embedded/01- imt sdk/imt_sdk_win_64/winavr/bin/../lib/gcc/avr/4.3.3/avr5\libgcc.a(_fixunssfsi.o)
 .debug_info    0x000000b1      0x47a d:/embedded/01- imt sdk/imt_sdk_win_64/winavr/bin/../lib/gcc/avr/4.3.3/avr5\libgcc.a(_addsub_sf.o)
 .debug_info    0x0000052b      0x485 d:/embedded/01- imt sdk/imt_sdk_win_64/winavr/bin/../lib/gcc/avr/4.3.3/avr5\libgcc.a(_mul_sf.o)
 .debug_info    0x000009b0      0x27f d:/embedded/01- imt sdk/imt_sdk_win_64/winavr/bin/../lib/gcc/avr/4.3.3/avr5\libgcc.a(_gt_sf.o)
 .debug_info    0x00000c2f      0x27f d:/embedded/01- imt sdk/imt_sdk_win_64/winavr/bin/../lib/gcc/avr/4.3.3/avr5\libgcc.a(_ge_sf.o)
 .debug_info    0x00000eae      0x27f d:/embedded/01- imt sdk/imt_sdk_win_64/winavr/bin/../lib/gcc/avr/4.3.3/avr5\libgcc.a(_lt_sf.o)
 .debug_info    0x0000112d      0x2b0 d:/embedded/01- imt sdk/imt_sdk_win_64/winavr/bin/../lib/gcc/avr/4.3.3/avr5\libgcc.a(_sf_to_si.o)
 .debug_info    0x000013dd      0x12c d:/embedded/01- imt sdk/imt_sdk_win_64/winavr/bin/../lib/gcc/avr/4.3.3/avr5\libgcc.a(_thenan_sf.o)
 .debug_info    0x00001509      0x2df d:/embedded/01- imt sdk/imt_sdk_win_64/winavr/bin/../lib/gcc/avr/4.3.3/avr5\libgcc.a(_pack_sf.o)
 .debug_info    0x000017e8      0x251 d:/embedded/01- imt sdk/imt_sdk_win_64/winavr/bin/../lib/gcc/avr/4.3.3/avr5\libgcc.a(_unpack_sf.o)
 .debug_info    0x00001a39      0x210 d:/embedded/01- imt sdk/imt_sdk_win_64/winavr/bin/../lib/gcc/avr/4.3.3/avr5\libgcc.a(_fpcmp_parts_sf.o)
 *(.gnu.linkonce.wi.*)

.debug_abbrev   0x00000000      0xeeb
 *(.debug_abbrev)
 .debug_abbrev  0x00000000       0x5d d:/embedded/01- imt sdk/imt_sdk_win_64/winavr/bin/../lib/gcc/avr/4.3.3/avr5\libgcc.a(_fixunssfsi.o)
 .debug_abbrev  0x0000005d      0x1ea d:/embedded/01- imt sdk/imt_sdk_win_64/winavr/bin/../lib/gcc/avr/4.3.3/avr5\libgcc.a(_addsub_sf.o)
 .debug_abbrev  0x00000247      0x21b d:/embedded/01- imt sdk/imt_sdk_win_64/winavr/bin/../lib/gcc/avr/4.3.3/avr5\libgcc.a(_mul_sf.o)
 .debug_abbrev  0x00000462      0x15a d:/embedded/01- imt sdk/imt_sdk_win_64/winavr/bin/../lib/gcc/avr/4.3.3/avr5\libgcc.a(_gt_sf.o)
 .debug_abbrev  0x000005bc      0x15a d:/embedded/01- imt sdk/imt_sdk_win_64/winavr/bin/../lib/gcc/avr/4.3.3/avr5\libgcc.a(_ge_sf.o)
 .debug_abbrev  0x00000716      0x15a d:/embedded/01- imt sdk/imt_sdk_win_64/winavr/bin/../lib/gcc/avr/4.3.3/avr5\libgcc.a(_lt_sf.o)
 .debug_abbrev  0x00000870      0x17f d:/embedded/01- imt sdk/imt_sdk_win_64/winavr/bin/../lib/gcc/avr/4.3.3/avr5\libgcc.a(_sf_to_si.o)
 .debug_abbrev  0x000009ef       0xad d:/embedded/01- imt sdk/imt_sdk_win_64/winavr/bin/../lib/gcc/avr/4.3.3/avr5\libgcc.a(_thenan_sf.o)
 .debug_abbrev  0x00000a9c      0x1c0 d:/embedded/01- imt sdk/imt_sdk_win_64/winavr/bin/../lib/gcc/avr/4.3.3/avr5\libgcc.a(_pack_sf.o)
 .debug_abbrev  0x00000c5c      0x154 d:/embedded/01- imt sdk/imt_sdk_win_64/winavr/bin/../lib/gcc/avr/4.3.3/avr5\libgcc.a(_unpack_sf.o)
 .debug_abbrev  0x00000db0      0x13b d:/embedded/01- imt sdk/imt_sdk_win_64/winavr/bin/../lib/gcc/avr/4.3.3/avr5\libgcc.a(_fpcmp_parts_sf.o)

.debug_line     0x00000000      0xdad
 *(.debug_line)
 .debug_line    0x00000000       0xa7 d:/embedded/01- imt sdk/imt_sdk_win_64/winavr/bin/../lib/gcc/avr/4.3.3/avr5\libgcc.a(_fixunssfsi.o)
 .debug_line    0x000000a7      0x2af d:/embedded/01- imt sdk/imt_sdk_win_64/winavr/bin/../lib/gcc/avr/4.3.3/avr5\libgcc.a(_addsub_sf.o)
 .debug_line    0x00000356      0x239 d:/embedded/01- imt sdk/imt_sdk_win_64/winavr/bin/../lib/gcc/avr/4.3.3/avr5\libgcc.a(_mul_sf.o)
 .debug_line    0x0000058f       0xd3 d:/embedded/01- imt sdk/imt_sdk_win_64/winavr/bin/../lib/gcc/avr/4.3.3/avr5\libgcc.a(_gt_sf.o)
 .debug_line    0x00000662       0xd3 d:/embedded/01- imt sdk/imt_sdk_win_64/winavr/bin/../lib/gcc/avr/4.3.3/avr5\libgcc.a(_ge_sf.o)
 .debug_line    0x00000735       0xd3 d:/embedded/01- imt sdk/imt_sdk_win_64/winavr/bin/../lib/gcc/avr/4.3.3/avr5\libgcc.a(_lt_sf.o)
 .debug_line    0x00000808      0x109 d:/embedded/01- imt sdk/imt_sdk_win_64/winavr/bin/../lib/gcc/avr/4.3.3/avr5\libgcc.a(_sf_to_si.o)
 .debug_line    0x00000911       0x90 d:/embedded/01- imt sdk/imt_sdk_win_64/winavr/bin/../lib/gcc/avr/4.3.3/avr5\libgcc.a(_thenan_sf.o)
 .debug_line    0x000009a1      0x18a d:/embedded/01- imt sdk/imt_sdk_win_64/winavr/bin/../lib/gcc/avr/4.3.3/avr5\libgcc.a(_pack_sf.o)
 .debug_line    0x00000b2b      0x14b d:/embedded/01- imt sdk/imt_sdk_win_64/winavr/bin/../lib/gcc/avr/4.3.3/avr5\libgcc.a(_unpack_sf.o)
 .debug_line    0x00000c76      0x137 d:/embedded/01- imt sdk/imt_sdk_win_64/winavr/bin/../lib/gcc/avr/4.3.3/avr5\libgcc.a(_fpcmp_parts_sf.o)

.debug_frame    0x00000000      0x160
 *(.debug_frame)
 .debug_frame   0x00000000       0x20 d:/embedded/01- imt sdk/imt_sdk_win_64/winavr/bin/../lib/gcc/avr/4.3.3/avr5\libgcc.a(_fixunssfsi.o)
 .debug_frame   0x00000020       0x40 d:/embedded/01- imt sdk/imt_sdk_win_64/winavr/bin/../lib/gcc/avr/4.3.3/avr5\libgcc.a(_addsub_sf.o)
 .debug_frame   0x00000060       0x20 d:/embedded/01- imt sdk/imt_sdk_win_64/winavr/bin/../lib/gcc/avr/4.3.3/avr5\libgcc.a(_mul_sf.o)
 .debug_frame   0x00000080       0x20 d:/embedded/01- imt sdk/imt_sdk_win_64/winavr/bin/../lib/gcc/avr/4.3.3/avr5\libgcc.a(_gt_sf.o)
 .debug_frame   0x000000a0       0x20 d:/embedded/01- imt sdk/imt_sdk_win_64/winavr/bin/../lib/gcc/avr/4.3.3/avr5\libgcc.a(_ge_sf.o)
 .debug_frame   0x000000c0       0x20 d:/embedded/01- imt sdk/imt_sdk_win_64/winavr/bin/../lib/gcc/avr/4.3.3/avr5\libgcc.a(_lt_sf.o)
 .debug_frame   0x000000e0       0x20 d:/embedded/01- imt sdk/imt_sdk_win_64/winavr/bin/../lib/gcc/avr/4.3.3/avr5\libgcc.a(_sf_to_si.o)
 .debug_frame   0x00000100       0x20 d:/embedded/01- imt sdk/imt_sdk_win_64/winavr/bin/../lib/gcc/avr/4.3.3/avr5\libgcc.a(_pack_sf.o)
 .debug_frame   0x00000120       0x20 d:/embedded/01- imt sdk/imt_sdk_win_64/winavr/bin/../lib/gcc/avr/4.3.3/avr5\libgcc.a(_unpack_sf.o)
 .debug_frame   0x00000140       0x20 d:/embedded/01- imt sdk/imt_sdk_win_64/winavr/bin/../lib/gcc/avr/4.3.3/avr5\libgcc.a(_fpcmp_parts_sf.o)

.debug_str      0x00000000      0x28d
 *(.debug_str)
 .debug_str     0x00000000       0xbf d:/embedded/01- imt sdk/imt_sdk_win_64/winavr/bin/../lib/gcc/avr/4.3.3/avr5\libgcc.a(_fixunssfsi.o)
                                 0xfe (size before relaxing)
 .debug_str     0x000000bf      0x14d d:/embedded/01- imt sdk/imt_sdk_win_64/winavr/bin/../lib/gcc/avr/4.3.3/avr5\libgcc.a(_addsub_sf.o)
                                0x206 (size before relaxing)
 .debug_str     0x0000020c       0x27 d:/embedded/01- imt sdk/imt_sdk_win_64/winavr/bin/../lib/gcc/avr/4.3.3/avr5\libgcc.a(_mul_sf.o)
                                0x1bf (size before relaxing)
 .debug_str     0x00000233        0xf d:/embedded/01- imt sdk/imt_sdk_win_64/winavr/bin/../lib/gcc/avr/4.3.3/avr5\libgcc.a(_gt_sf.o)
                                0x195 (size before relaxing)
 .debug_str     0x00000242        0x8 d:/embedded/01- imt sdk/imt_sdk_win_64/winavr/bin/../lib/gcc/avr/4.3.3/avr5\libgcc.a(_ge_sf.o)
                                0x195 (size before relaxing)
 .debug_str     0x0000024a        0x8 d:/embedded/01- imt sdk/imt_sdk_win_64/winavr/bin/../lib/gcc/avr/4.3.3/avr5\libgcc.a(_lt_sf.o)
                                0x195 (size before relaxing)
 .debug_str     0x00000252        0xa d:/embedded/01- imt sdk/imt_sdk_win_64/winavr/bin/../lib/gcc/avr/4.3.3/avr5\libgcc.a(_sf_to_si.o)
                                0x19e (size before relaxing)
 .debug_str     0x00000000      0x103 d:/embedded/01- imt sdk/imt_sdk_win_64/winavr/bin/../lib/gcc/avr/4.3.3/avr5\libgcc.a(_thenan_sf.o)
 .debug_str     0x0000025c       0x16 d:/embedded/01- imt sdk/imt_sdk_win_64/winavr/bin/../lib/gcc/avr/4.3.3/avr5\libgcc.a(_pack_sf.o)
                                0x19d (size before relaxing)
 .debug_str     0x00000272        0xb d:/embedded/01- imt sdk/imt_sdk_win_64/winavr/bin/../lib/gcc/avr/4.3.3/avr5\libgcc.a(_unpack_sf.o)
                                0x17f (size before relaxing)
 .debug_str     0x0000027d       0x10 d:/embedded/01- imt sdk/imt_sdk_win_64/winavr/bin/../lib/gcc/avr/4.3.3/avr5\libgcc.a(_fpcmp_parts_sf.o)
                                0x163 (size before relaxing)

.debug_loc      0x00000000      0x7ce
 *(.debug_loc)
 .debug_loc     0x00000000       0x34 d:/embedded/01- imt sdk/imt_sdk_win_64/winavr/bin/../lib/gcc/avr/4.3.3/avr5\libgcc.a(_fixunssfsi.o)
 .debug_loc     0x00000034      0x32a d:/embedded/01- imt sdk/imt_sdk_win_64/winavr/bin/../lib/gcc/avr/4.3.3/avr5\libgcc.a(_addsub_sf.o)
 .debug_loc     0x0000035e      0x104 d:/embedded/01- imt sdk/imt_sdk_win_64/winavr/bin/../lib/gcc/avr/4.3.3/avr5\libgcc.a(_mul_sf.o)
 .debug_loc     0x00000462       0x3c d:/embedded/01- imt sdk/imt_sdk_win_64/winavr/bin/../lib/gcc/avr/4.3.3/avr5\libgcc.a(_gt_sf.o)
 .debug_loc     0x0000049e       0x3c d:/embedded/01- imt sdk/imt_sdk_win_64/winavr/bin/../lib/gcc/avr/4.3.3/avr5\libgcc.a(_ge_sf.o)
 .debug_loc     0x000004da       0x3c d:/embedded/01- imt sdk/imt_sdk_win_64/winavr/bin/../lib/gcc/avr/4.3.3/avr5\libgcc.a(_lt_sf.o)
 .debug_loc     0x00000516       0x7e d:/embedded/01- imt sdk/imt_sdk_win_64/winavr/bin/../lib/gcc/avr/4.3.3/avr5\libgcc.a(_sf_to_si.o)
 .debug_loc     0x00000594      0x13e d:/embedded/01- imt sdk/imt_sdk_win_64/winavr/bin/../lib/gcc/avr/4.3.3/avr5\libgcc.a(_pack_sf.o)
 .debug_loc     0x000006d2       0xac d:/embedded/01- imt sdk/imt_sdk_win_64/winavr/bin/../lib/gcc/avr/4.3.3/avr5\libgcc.a(_unpack_sf.o)
 .debug_loc     0x0000077e       0x50 d:/embedded/01- imt sdk/imt_sdk_win_64/winavr/bin/../lib/gcc/avr/4.3.3/avr5\libgcc.a(_fpcmp_parts_sf.o)

.debug_macinfo
 *(.debug_macinfo)
OUTPUT(Mobile_controlled_home.elf elf32-avr)
LOAD linker stubs

.debug_ranges   0x00000000       0x50
 .debug_ranges  0x00000000       0x50 d:/embedded/01- imt sdk/imt_sdk_win_64/winavr/bin/../lib/gcc/avr/4.3.3/avr5\libgcc.a(_mul_sf.o)
